
> gantt-app@0.0.0 build
> tsc -b && vite build

[36mvite v7.3.1 [32mbuilding client environment for production...[36m[39m
transforming...
[32mÔ£ô[39m 4 modules transformed.
node.exe : [31mÔ£ù[39m Build failed in 396ms
En línea: 1 Carácter: 1
+ & "C:\Program Files\nodejs/node.exe" "C:\Program Files\nodejs/node_mo ...
+ ~~~~~~~~~~~~~~~~~~~~~~~~~~~~~~~~~~~~~~~~~~~~~~~~~~~~~~~~~~~~~~~~~~~~~
    + CategoryInfo          : NotSpecified: ([31mÔ£ù[39m Build failed in 396ms:String) [],  
   RemoteException
    + FullyQualifiedErrorId : NativeCommandError
 
[31merror during build:
[31m[vite:css] [postcss] Unexpected '/'. Escaping special characters with \ may help.[31m
file: [36mC:/Users/usuar/OneDrive/Desktop/Antigravity Apps/Extracion tareas 
Gantt/src/index.css:undefined:NaN[31m
Error: Unexpected '/'. Escaping special characters with \ may help.
    at C:/Users/usuar/OneDrive/Desktop/Antigravity Apps/Extracion tareas 
Gantt/src/index.css:154:3
    at C:/Users/usuar/OneDrive/Desktop/Antigravity Apps/Extracion tareas 
Gantt/src/index.css:154:3
    at Root._error (C:\Users\usuar\OneDrive\Desktop\Antigravity Apps\Extracion tareas 
Gantt\node_modules\postcss-selector-parser\dist\parser.js:131:16)
    at Root.error (C:\Users\usuar\OneDrive\Desktop\Antigravity Apps\Extracion tareas 
Gantt\node_modules\postcss-selector-parser\dist\selectors\root.js:30:19)
    at Parser.error (C:\Users\usuar\OneDrive\Desktop\Antigravity Apps\Extracion tareas 
Gantt\node_modules\postcss-selector-parser\dist\parser.js:598:21)
    at Parser.unexpected (C:\Users\usuar\OneDrive\Desktop\Antigravity Apps\Extracion tareas 
Gantt\node_modules\postcss-selector-parser\dist\parser.js:612:17)
    at Parser.combinator (C:\Users\usuar\OneDrive\Desktop\Antigravity Apps\Extracion tareas 
Gantt\node_modules\postcss-selector-parser\dist\parser.js:526:12)
    at Parser.parse (C:\Users\usuar\OneDrive\Desktop\Antigravity Apps\Extracion tareas 
Gantt\node_modules\postcss-selector-parser\dist\parser.js:900:14)
    at Parser.loop (C:\Users\usuar\OneDrive\Desktop\Antigravity Apps\Extracion tareas 
Gantt\node_modules\postcss-selector-parser\dist\parser.js:856:12)
    at new Parser (C:\Users\usuar\OneDrive\Desktop\Antigravity Apps\Extracion tareas 
Gantt\node_modules\postcss-selector-parser\dist\parser.js:124:10)
    at Processor._root (C:\Users\usuar\OneDrive\Desktop\Antigravity Apps\Extracion tareas 
Gantt\node_modules\postcss-selector-parser\dist\processor.js:40:18)
    at Processor._runSync (C:\Users\usuar\OneDrive\Desktop\Antigravity Apps\Extracion tareas 
Gantt\node_modules\postcss-selector-parser\dist\processor.js:78:21)[39m
